// Jest Snapshot v1, https://goo.gl/fbAQLP

exports[`MenuElement Renders as expected and has no accessibility violations 1`] = `
<div>
  <p
    class="MuiTypography-root MuiTypography-body2"
  >
    <a
      class="MuiTypography-root MuiLink-root MuiLink-underlineHover sc-bdvvtL clPpEY cursor-pointer font-regular uppercase MuiTypography-colorTextSecondary"
      href="#"
    >
      Home
    </a>
  </p>
</div>
`;
